// Jest Snapshot v1, https://goo.gl/fbAQLP

exports[`level-indicator Basic renders as expected 1`] = `
<div>
  <div
    className="dr-ui--level-indicator flex-parent flex-parent--center-cross"
  >
    <div
      className="inline-block w6 bg-green align-middle mr3"
      style={
        Object {
          "borderRadius": "1px",
          "height": "8px",
        }
      }
    />
    <div
      className="inline-block w6 bg-green-light align-middle mr3"
      style={
        Object {
          "borderRadius": "1px",
          "height": "8px",
        }
      }
    />
    <div
      className="inline-block w6 bg-green-light align-middle mr3"
      style={
        Object {
          "borderRadius": "1px",
          "height": "8px",
        }
      }
    />
    <div
      className="inline-block color-gray ml3 txt-capitalize"
    >
      beginner
    </div>
  </div>
  <div
    className="dr-ui--level-indicator flex-parent flex-parent--center-cross"
  >
    <div
      className="inline-block w6 bg-orange align-middle mr3"
      style={
        Object {
          "borderRadius": "1px",
          "height": "8px",
        }
      }
    />
    <div
      className="inline-block w6 bg-orange align-middle mr3"
      style={
        Object {
          "borderRadius": "1px",
          "height": "8px",
        }
      }
    />
    <div
      className="inline-block w6 bg-orange-light align-middle mr3"
      style={
        Object {
          "borderRadius": "1px",
          "height": "8px",
        }
      }
    />
    <div
      className="inline-block color-gray ml3 txt-capitalize"
    >
      intermediate
    </div>
  </div>
  <div
    className="dr-ui--level-indicator flex-parent flex-parent--center-cross"
  >
    <div
      className="inline-block w6 bg-red align-middle mr3"
      style={
        Object {
          "borderRadius": "1px",
          "height": "8px",
        }
      }
    />
    <div
      className="inline-block w6 bg-red align-middle mr3"
      style={
        Object {
          "borderRadius": "1px",
          "height": "8px",
        }
      }
    />
    <div
      className="inline-block w6 bg-red align-middle mr3"
      style={
        Object {
          "borderRadius": "1px",
          "height": "8px",
        }
      }
    />
    <div
      className="inline-block color-gray ml3 txt-capitalize"
    >
      advanced
    </div>
  </div>
</div>
`;
